main:
  push BP
  i2i SP => BP
  addI SP, 0 => SP
  loadI 1 => r0
  print r0
  loadI 0 => r1
  print r1
  loadI 0 => r2
  i2i r2 => RET
  jump l0
l0:
  i2i BP => SP
  pop BP
  return

==========================
sp=65536 bp=-9999999 ret=-9999999
virtual regs: 
stack:
other memory:
==========================

Executing: push BP

==========================
sp=65528 bp=-9999999 ret=-9999999
virtual regs: 
stack:  65528: -9999999
other memory:
==========================

Executing: i2i SP => BP

==========================
sp=65528 bp=65528 ret=-9999999
virtual regs: 
stack:  65528: -9999999
other memory:
==========================

Executing: addI SP, 0 => SP

==========================
sp=65528 bp=65528 ret=-9999999
virtual regs: 
stack:  65528: -9999999
other memory:
==========================

Executing: loadI 1 => r0

==========================
sp=65528 bp=65528 ret=-9999999
virtual regs:  r0=1
stack:  65528: -9999999
other memory:
==========================

Executing: print r0
1
==========================
sp=65528 bp=65528 ret=-9999999
virtual regs:  r0=1
stack:  65528: -9999999
other memory:
==========================

Executing: loadI 0 => r1

==========================
sp=65528 bp=65528 ret=-9999999
virtual regs:  r0=1 r1=0
stack:  65528: -9999999
other memory:
==========================

Executing: print r1
0
==========================
sp=65528 bp=65528 ret=-9999999
virtual regs:  r0=1 r1=0
stack:  65528: -9999999
other memory:
==========================

Executing: loadI 0 => r2

==========================
sp=65528 bp=65528 ret=-9999999
virtual regs:  r0=1 r1=0 r2=0
stack:  65528: -9999999
other memory:
==========================

Executing: i2i r2 => RET

==========================
sp=65528 bp=65528 ret=0
virtual regs:  r0=1 r1=0 r2=0
stack:  65528: -9999999
other memory:
==========================

Executing: jump l0

==========================
sp=65528 bp=65528 ret=0
virtual regs:  r0=1 r1=0 r2=0
stack:  65528: -9999999
other memory:
==========================

Executing: i2i BP => SP

==========================
sp=65528 bp=65528 ret=0
virtual regs:  r0=1 r1=0 r2=0
stack:  65528: -9999999
other memory:
==========================

Executing: pop BP

==========================
sp=65536 bp=-9999999 ret=0
virtual regs:  r0=1 r1=0 r2=0
stack:
other memory:  65528: -9999999
==========================

Executing: return
RETURN VALUE = 0
